MainDefaultComponent.java
Ascenseur/readyToOpenDoor.java
Ascenseur/CloseDoor.java
Ascenseur/toMeasure.java
Ascenseur/Winch.java
Ascenseur/stop.java
Ascenseur/arrive.java
Ascenseur/doneTask.java
Ascenseur/moveCabinUp.java
Ascenseur/braked.java
Ascenseur/cabinArrived.java
Ascenseur/Pressed.java
Ascenseur/Door.java
Ascenseur/continueToMove.java
Ascenseur/readyToGo.java
Ascenseur/sending.java
Ascenseur/gotoOpenDoorDirectly.java
Ascenseur/receiveCabinMoved.java
Ascenseur/OpenDoor.java
Ascenseur/goDown.java
Ascenseur/detected.java
Ascenseur/ControllerSys.java
Ascenseur/moveCabin.java
Ascenseur/toM.java
Ascenseur/GoSleep.java
Ascenseur/receiveFromButton_Ex.java
Ascenseur/sendMessage.java
Ascenseur/Button_ex.java
Ascenseur/moveCabinDown.java
Ascenseur/Cabin.java
Ascenseur/stopFromController.java
Ascenseur/sendFloorAndCloseDoor.java
Ascenseur/goUp.java
Ascenseur/Ascenseur_pkgClass.java
Ascenseur/Sensor.java
Ascenseur/goUp2.java
Ascenseur/receiveFloorAndCloseDoor.java
Ascenseur/sendFloorAndUpOrDown.java
Ascenseur/receive.java
